
=== 2026-03-17 21:48:41 ===
✅ Server: UP
✅ /api/sessions: 200
✅ /api/chat: 401
❌ /api/workflows: 404
❌ Database: Connection failed
✅ Disk: 44% used
📊 Memory: 40% used
📊 DB Stats: Users= Sessions= Workflows=
✅ Health check complete

=== 2026-03-17 21:49:12 ===
✅ Server: UP
✅ /api/sessions: 200
✅ /api/chat: 401
❌ /api/workflows: 404
✅ Database: Connected
✅ Disk: 44% used
📊 Memory: 40% used
📊 DB Stats: Users= Sessions= Workflows=
✅ Health check complete

=== 2026-03-17 21:50:01 ===
✅ Server: UP
✅ /api/sessions: 200
✅ /api/chat: 401
❌ /api/workflows: 404
✅ Database: Connected
✅ Disk: 44% used
📊 Memory: 42% used
📊 DB Stats: Users= Sessions= Workflows=
✅ Health check complete

=== 2026-03-17 21:55:01 ===
✅ Server: UP
✅ /api/sessions: 200
✅ /api/chat: 401
❌ /api/workflows: 404
✅ Database: Connected
✅ Disk: 44% used
📊 Memory: 43% used
📊 DB Stats: Users= Sessions= Workflows=
✅ Health check complete

=== 2026-03-17 22:00:01 ===
✅ Server: UP
✅ /api/sessions: 200
✅ /api/chat: 401
❌ /api/workflows: 404
✅ Database: Connected
✅ Disk: 44% used
📊 Memory: 44% used
📊 DB Stats: Users= Sessions= Workflows=
✅ Health check complete

=== 2026-03-17 22:05:01 ===
❌ Server: DOWN (attempting restart...)
🔄 Server: Restarting...
❌ /api/sessions: 000
❌ /api/chat: 000
❌ /api/workflows: 000
✅ Database: Connected
✅ Disk: 44% used
📊 Memory: 36% used
📊 DB Stats: Users= Sessions= Workflows=
✅ Health check complete

=== 2026-03-17 22:10:01 ===
❌ Server: DOWN (attempting restart...)
🔄 Server: Restarting...
❌ /api/sessions: 000
❌ /api/chat: 000
❌ /api/workflows: 000
✅ Database: Connected
✅ Disk: 44% used
📊 Memory: 33% used
📊 DB Stats: Users= Sessions= Workflows=
✅ Health check complete

=== 2026-03-17 22:15:01 ===
✅ Server: UP
✅ /api/sessions: 200
✅ /api/chat: 401
❌ /api/workflows: 404
✅ Database: Connected
✅ Disk: 44% used
📊 Memory: 40% used
📊 DB Stats: Users= Sessions= Workflows=
✅ Health check complete

=== 2026-03-17 22:20:01 ===
❌ Server: DOWN (attempting restart...)
🔄 Server: Restarting...
❌ /api/sessions: 000
❌ /api/chat: 000
❌ /api/workflows: 000
✅ Database: Connected
✅ Disk: 44% used
📊 Memory: 33% used
📊 DB Stats: Users= Sessions= Workflows=
✅ Health check complete

=== 2026-03-17 22:25:01 ===
✅ Server: UP
✅ /api/sessions: 200
✅ /api/chat: 401
❌ /api/workflows: 404
✅ Database: Connected
✅ Disk: 44% used
📊 Memory: 45% used
📊 DB Stats: Users= Sessions= Workflows=
✅ Health check complete

=== 2026-03-17 22:30:01 ===
✅ Server: UP
✅ /api/sessions: 200
✅ /api/chat: 401
❌ /api/workflows: 404
✅ Database: Connected
✅ Disk: 44% used
📊 Memory: 45% used
📊 DB Stats: Users= Sessions= Workflows=
✅ Health check complete

=== 2026-03-17 22:35:01 ===
✅ Server: UP
✅ /api/sessions: 200
✅ /api/chat: 401
❌ /api/workflows: 404
✅ Database: Connected
✅ Disk: 44% used
📊 Memory: 46% used
📊 DB Stats: Users= Sessions= Workflows=
✅ Health check complete

=== 2026-03-17 22:40:01 ===
✅ Server: UP
✅ /api/sessions: 200
✅ /api/chat: 401
❌ /api/workflows: 404
✅ Database: Connected
✅ Disk: 44% used
📊 Memory: 40% used
📊 DB Stats: Users= Sessions= Workflows=
✅ Health check complete

=== 2026-03-17 22:45:01 ===
✅ Server: UP
✅ /api/sessions: 200
✅ /api/chat: 401
❌ /api/workflows: 404
✅ Database: Connected
✅ Disk: 44% used
📊 Memory: 41% used
📊 DB Stats: Users= Sessions= Workflows=
✅ Health check complete

=== 2026-03-17 22:50:01 ===
✅ Server: UP
✅ /api/sessions: 200
✅ /api/chat: 401
❌ /api/workflows: 404
✅ Database: Connected
✅ Disk: 44% used
📊 Memory: 41% used
📊 DB Stats: Users= Sessions= Workflows=
✅ Health check complete

=== 2026-03-17 22:55:01 ===
✅ Server: UP
✅ /api/sessions: 200
✅ /api/chat: 401
❌ /api/workflows: 404
✅ Database: Connected
✅ Disk: 44% used
📊 Memory: 41% used
📊 DB Stats: Users= Sessions= Workflows=
✅ Health check complete

=== 2026-03-17 23:00:01 ===
✅ Server: UP
✅ /api/sessions: 200
✅ /api/chat: 401
❌ /api/workflows: 404
✅ Database: Connected
✅ Disk: 44% used
📊 Memory: 41% used
📊 DB Stats: Users= Sessions= Workflows=
✅ Health check complete

=== 2026-03-17 23:05:02 ===
✅ Server: UP
✅ /api/sessions: 200
✅ /api/chat: 401
❌ /api/workflows: 404
✅ Database: Connected
✅ Disk: 44% used
📊 Memory: 42% used
📊 DB Stats: Users= Sessions= Workflows=
✅ Health check complete

=== 2026-03-17 23:10:01 ===
✅ Server: UP
✅ /api/sessions: 200
✅ /api/chat: 401
❌ /api/workflows: 404
✅ Database: Connected
✅ Disk: 44% used
📊 Memory: 40% used
📊 DB Stats: Users= Sessions= Workflows=
✅ Health check complete

=== 2026-03-17 23:15:01 ===
✅ Server: UP
✅ /api/sessions: 200
✅ /api/chat: 401
❌ /api/workflows: 404
✅ Database: Connected
✅ Disk: 44% used
📊 Memory: 41% used
📊 DB Stats: Users= Sessions= Workflows=
✅ Health check complete

=== 2026-03-17 23:20:01 ===
✅ Server: UP
✅ /api/sessions: 200
✅ /api/chat: 401
❌ /api/workflows: 404
✅ Database: Connected
✅ Disk: 44% used
📊 Memory: 44% used
📊 DB Stats: Users= Sessions= Workflows=
✅ Health check complete

=== 2026-03-17 23:25:01 ===
✅ Server: UP
✅ /api/sessions: 200
✅ /api/chat: 401
❌ /api/workflows: 404
✅ Database: Connected
✅ Disk: 44% used
📊 Memory: 40% used
📊 DB Stats: Users= Sessions= Workflows=
✅ Health check complete

=== 2026-03-17 23:30:01 ===
✅ Server: UP
✅ /api/sessions: 200
✅ /api/chat: 401
❌ /api/workflows: 404
✅ Database: Connected
✅ Disk: 44% used
📊 Memory: 43% used
📊 DB Stats: Users= Sessions= Workflows=
✅ Health check complete

=== 2026-03-17 23:35:01 ===
✅ Server: UP
✅ /api/sessions: 200
✅ /api/chat: 401
❌ /api/workflows: 404
✅ Database: Connected
✅ Disk: 44% used
📊 Memory: 43% used
📊 DB Stats: Users= Sessions= Workflows=
✅ Health check complete

=== 2026-03-17 23:40:01 ===
❌ Server: DOWN (attempting restart...)
🔄 Server: Restarting...
❌ /api/sessions: 000
❌ /api/chat: 000
❌ /api/workflows: 000
✅ Database: Connected
✅ Disk: 44% used
📊 Memory: 33% used
📊 DB Stats: Users= Sessions= Workflows=
✅ Health check complete

=== 2026-03-17 23:45:01 ===
✅ Server: UP
✅ /api/sessions: 200
✅ /api/chat: 401
❌ /api/workflows: 404
✅ Database: Connected
✅ Disk: 44% used
📊 Memory: 43% used
📊 DB Stats: Users= Sessions= Workflows=
✅ Health check complete

=== 2026-03-17 23:50:01 ===
✅ Server: UP
✅ /api/sessions: 200
✅ /api/chat: 401
❌ /api/workflows: 404
✅ Database: Connected
✅ Disk: 44% used
📊 Memory: 41% used
📊 DB Stats: Users= Sessions= Workflows=
✅ Health check complete

=== 2026-03-17 23:55:01 ===
✅ Server: UP
✅ /api/sessions: 200
✅ /api/chat: 401
❌ /api/workflows: 404
✅ Database: Connected
✅ Disk: 44% used
📊 Memory: 42% used
📊 DB Stats: Users= Sessions= Workflows=
✅ Health check complete

=== 2026-03-18 00:00:01 ===
✅ Server: UP
✅ /api/sessions: 200
✅ /api/chat: 401
❌ /api/workflows: 404
✅ Database: Connected
✅ Disk: 44% used
📊 Memory: 42% used
📊 DB Stats: Users= Sessions= Workflows=
✅ Health check complete

=== 2026-03-18 00:05:01 ===
✅ Server: UP
✅ /api/sessions: 200
✅ /api/chat: 401
❌ /api/workflows: 404
✅ Database: Connected
✅ Disk: 44% used
📊 Memory: 58% used
📊 DB Stats: Users= Sessions= Workflows=
✅ Health check complete

=== 2026-03-18 00:10:01 ===
❌ Server: DOWN (attempting restart...)
🔄 Server: Restarting...
❌ /api/sessions: 000
❌ /api/chat: 000
❌ /api/workflows: 000
✅ Database: Connected
✅ Disk: 44% used
📊 Memory: 48% used
📊 DB Stats: Users= Sessions= Workflows=
✅ Health check complete

=== 2026-03-18 00:15:01 ===
✅ Server: UP
✅ /api/sessions: 200
✅ /api/chat: 401
❌ /api/workflows: 404
✅ Database: Connected
✅ Disk: 44% used
📊 Memory: 46% used
📊 DB Stats: Users= Sessions= Workflows=
✅ Health check complete

=== 2026-03-18 00:20:01 ===
✅ Server: UP
✅ /api/sessions: 200
✅ /api/chat: 401
❌ /api/workflows: 404
✅ Database: Connected
✅ Disk: 44% used
📊 Memory: 47% used
📊 DB Stats: Users= Sessions= Workflows=
✅ Health check complete

=== 2026-03-18 00:25:01 ===
✅ Server: UP
✅ /api/sessions: 200
✅ /api/chat: 401
❌ /api/workflows: 404
✅ Database: Connected
✅ Disk: 44% used
📊 Memory: 44% used
📊 DB Stats: Users= Sessions= Workflows=
✅ Health check complete

=== 2026-03-18 00:30:02 ===
✅ Server: UP
✅ /api/sessions: 200
✅ /api/chat: 200
❌ /api/workflows: 404
✅ Database: Connected
✅ Disk: 44% used
📊 Memory: 43% used
📊 DB Stats: Users= Sessions= Workflows=
✅ Health check complete

=== 2026-03-18 00:35:01 ===
✅ Server: UP
✅ /api/sessions: 200
✅ /api/chat: 200
❌ /api/workflows: 404
✅ Database: Connected
✅ Disk: 44% used
📊 Memory: 45% used
📊 DB Stats: Users= Sessions= Workflows=
✅ Health check complete

=== 2026-03-18 00:40:01 ===
✅ Server: UP
✅ /api/sessions: 200
✅ /api/chat: 200
❌ /api/workflows: 404
✅ Database: Connected
✅ Disk: 44% used
📊 Memory: 46% used
📊 DB Stats: Users= Sessions= Workflows=
✅ Health check complete

=== 2026-03-18 00:45:01 ===
✅ Server: UP
✅ /api/sessions: 200
✅ /api/chat: 200
❌ /api/workflows: 404
✅ Database: Connected
✅ Disk: 44% used
📊 Memory: 46% used
📊 DB Stats: Users= Sessions= Workflows=
✅ Health check complete

=== 2026-03-18 00:50:01 ===
✅ Server: UP
✅ /api/sessions: 200
✅ /api/chat: 200
❌ /api/workflows: 404
✅ Database: Connected
✅ Disk: 44% used
📊 Memory: 41% used
📊 DB Stats: Users= Sessions= Workflows=
✅ Health check complete

=== 2026-03-18 00:55:01 ===
✅ Server: UP
✅ /api/sessions: 200
✅ /api/chat: 200
❌ /api/workflows: 404
✅ Database: Connected
✅ Disk: 44% used
📊 Memory: 43% used
📊 DB Stats: Users= Sessions= Workflows=
✅ Health check complete

=== 2026-03-18 01:00:01 ===
✅ Server: UP
✅ /api/sessions: 200
✅ /api/chat: 200
❌ /api/workflows: 404
✅ Database: Connected
✅ Disk: 44% used
📊 Memory: 43% used
📊 DB Stats: Users= Sessions= Workflows=
✅ Health check complete

=== 2026-03-18 01:05:01 ===
✅ Server: UP
✅ /api/sessions: 200
✅ /api/chat: 200
❌ /api/workflows: 404
✅ Database: Connected
✅ Disk: 44% used
📊 Memory: 43% used
📊 DB Stats: Users= Sessions= Workflows=
✅ Health check complete

=== 2026-03-18 01:10:01 ===
✅ Server: UP
✅ /api/sessions: 200
✅ /api/chat: 200
❌ /api/workflows: 404
✅ Database: Connected
✅ Disk: 44% used
📊 Memory: 43% used
📊 DB Stats: Users= Sessions= Workflows=
✅ Health check complete

=== 2026-03-18 01:15:01 ===
✅ Server: UP
✅ /api/sessions: 200
✅ /api/chat: 200
❌ /api/workflows: 404
✅ Database: Connected
✅ Disk: 44% used
📊 Memory: 43% used
📊 DB Stats: Users= Sessions= Workflows=
✅ Health check complete

=== 2026-03-18 01:20:01 ===
✅ Server: UP
✅ /api/sessions: 200
✅ /api/chat: 200
❌ /api/workflows: 404
✅ Database: Connected
✅ Disk: 44% used
📊 Memory: 43% used
📊 DB Stats: Users= Sessions= Workflows=
✅ Health check complete

=== 2026-03-18 01:25:01 ===
✅ Server: UP
✅ /api/sessions: 200
✅ /api/chat: 200
❌ /api/workflows: 404
✅ Database: Connected
✅ Disk: 44% used
📊 Memory: 43% used
📊 DB Stats: Users= Sessions= Workflows=
✅ Health check complete

=== 2026-03-18 01:30:01 ===
✅ Server: UP
✅ /api/sessions: 200
✅ /api/chat: 200
❌ /api/workflows: 404
✅ Database: Connected
✅ Disk: 44% used
📊 Memory: 43% used
📊 DB Stats: Users= Sessions= Workflows=
✅ Health check complete

=== 2026-03-18 01:35:01 ===
✅ Server: UP
✅ /api/sessions: 200
✅ /api/chat: 200
❌ /api/workflows: 404
✅ Database: Connected
✅ Disk: 44% used
📊 Memory: 43% used
📊 DB Stats: Users= Sessions= Workflows=
✅ Health check complete

=== 2026-03-18 01:40:01 ===
✅ Server: UP
✅ /api/sessions: 200
✅ /api/chat: 200
❌ /api/workflows: 404
✅ Database: Connected
✅ Disk: 44% used
📊 Memory: 43% used
📊 DB Stats: Users= Sessions= Workflows=
✅ Health check complete

=== 2026-03-18 01:45:01 ===
✅ Server: UP
✅ /api/sessions: 200
✅ /api/chat: 200
❌ /api/workflows: 404
✅ Database: Connected
✅ Disk: 44% used
📊 Memory: 43% used
📊 DB Stats: Users= Sessions= Workflows=
✅ Health check complete

=== 2026-03-18 01:50:01 ===
✅ Server: UP
✅ /api/sessions: 200
✅ /api/chat: 200
❌ /api/workflows: 404
✅ Database: Connected
✅ Disk: 44% used
📊 Memory: 43% used
📊 DB Stats: Users= Sessions= Workflows=
✅ Health check complete

=== 2026-03-18 01:55:01 ===
✅ Server: UP
✅ /api/sessions: 200
✅ /api/chat: 200
❌ /api/workflows: 404
✅ Database: Connected
✅ Disk: 44% used
📊 Memory: 43% used
📊 DB Stats: Users= Sessions= Workflows=
✅ Health check complete

=== 2026-03-18 02:00:01 ===
✅ Server: UP
✅ /api/sessions: 200
✅ /api/chat: 200
❌ /api/workflows: 404
✅ Database: Connected
✅ Disk: 44% used
📊 Memory: 43% used
📊 DB Stats: Users= Sessions= Workflows=
✅ Health check complete

=== 2026-03-18 02:05:01 ===
✅ Server: UP
✅ /api/sessions: 200
✅ /api/chat: 200
❌ /api/workflows: 404
✅ Database: Connected
✅ Disk: 44% used
📊 Memory: 44% used
📊 DB Stats: Users= Sessions= Workflows=
✅ Health check complete

=== 2026-03-18 02:10:01 ===
✅ Server: UP
✅ /api/sessions: 200
✅ /api/chat: 200
❌ /api/workflows: 404
✅ Database: Connected
✅ Disk: 44% used
📊 Memory: 43% used
📊 DB Stats: Users= Sessions= Workflows=
✅ Health check complete

=== 2026-03-18 02:15:01 ===
✅ Server: UP
✅ /api/sessions: 200
✅ /api/chat: 200
❌ /api/workflows: 404
✅ Database: Connected
✅ Disk: 44% used
📊 Memory: 44% used
📊 DB Stats: Users= Sessions= Workflows=
✅ Health check complete

=== 2026-03-18 02:20:01 ===
✅ Server: UP
✅ /api/sessions: 200
✅ /api/chat: 200
❌ /api/workflows: 404
✅ Database: Connected
✅ Disk: 44% used
📊 Memory: 43% used
📊 DB Stats: Users= Sessions= Workflows=
✅ Health check complete

=== 2026-03-18 02:25:01 ===
✅ Server: UP
✅ /api/sessions: 200
✅ /api/chat: 200
❌ /api/workflows: 404
✅ Database: Connected
✅ Disk: 44% used
📊 Memory: 44% used
📊 DB Stats: Users= Sessions= Workflows=
✅ Health check complete

=== 2026-03-18 02:30:01 ===
✅ Server: UP
✅ /api/sessions: 200
✅ /api/chat: 200
❌ /api/workflows: 404
✅ Database: Connected
✅ Disk: 44% used
📊 Memory: 43% used
📊 DB Stats: Users= Sessions= Workflows=
✅ Health check complete

=== 2026-03-18 02:35:01 ===
✅ Server: UP
✅ /api/sessions: 200
✅ /api/chat: 200
❌ /api/workflows: 404
✅ Database: Connected
✅ Disk: 44% used
📊 Memory: 43% used
📊 DB Stats: Users= Sessions= Workflows=
✅ Health check complete

=== 2026-03-18 02:40:01 ===
✅ Server: UP
✅ /api/sessions: 200
✅ /api/chat: 200
❌ /api/workflows: 404
✅ Database: Connected
✅ Disk: 44% used
📊 Memory: 43% used
📊 DB Stats: Users= Sessions= Workflows=
✅ Health check complete

=== 2026-03-18 02:45:01 ===
✅ Server: UP
✅ /api/sessions: 200
✅ /api/chat: 200
❌ /api/workflows: 404
✅ Database: Connected
✅ Disk: 44% used
📊 Memory: 43% used
📊 DB Stats: Users= Sessions= Workflows=
✅ Health check complete

=== 2026-03-18 02:50:01 ===
✅ Server: UP
✅ /api/sessions: 200
✅ /api/chat: 200
❌ /api/workflows: 404
✅ Database: Connected
✅ Disk: 44% used
📊 Memory: 43% used
📊 DB Stats: Users= Sessions= Workflows=
✅ Health check complete

=== 2026-03-18 02:55:01 ===
✅ Server: UP
✅ /api/sessions: 200
✅ /api/chat: 200
❌ /api/workflows: 404
✅ Database: Connected
✅ Disk: 44% used
📊 Memory: 44% used
📊 DB Stats: Users= Sessions= Workflows=
✅ Health check complete

=== 2026-03-18 03:00:01 ===
✅ Server: UP
✅ /api/sessions: 200
✅ /api/chat: 200
❌ /api/workflows: 404
✅ Database: Connected
✅ Disk: 44% used
📊 Memory: 43% used
📊 DB Stats: Users= Sessions= Workflows=
✅ Health check complete

=== 2026-03-18 03:05:01 ===
✅ Server: UP
✅ /api/sessions: 200
✅ /api/chat: 200
❌ /api/workflows: 404
✅ Database: Connected
✅ Disk: 44% used
📊 Memory: 43% used
📊 DB Stats: Users= Sessions= Workflows=
✅ Health check complete

=== 2026-03-18 03:10:01 ===
✅ Server: UP
✅ /api/sessions: 200
✅ /api/chat: 200
❌ /api/workflows: 404
✅ Database: Connected
✅ Disk: 44% used
📊 Memory: 42% used
📊 DB Stats: Users= Sessions= Workflows=
✅ Health check complete

=== 2026-03-18 03:15:01 ===
✅ Server: UP
✅ /api/sessions: 200
✅ /api/chat: 200
❌ /api/workflows: 404
✅ Database: Connected
✅ Disk: 44% used
📊 Memory: 43% used
📊 DB Stats: Users= Sessions= Workflows=
✅ Health check complete

=== 2026-03-18 03:20:01 ===
✅ Server: UP
✅ /api/sessions: 200
✅ /api/chat: 200
❌ /api/workflows: 404
✅ Database: Connected
✅ Disk: 44% used
📊 Memory: 43% used
📊 DB Stats: Users= Sessions= Workflows=
✅ Health check complete

=== 2026-03-18 03:25:01 ===
✅ Server: UP
✅ /api/sessions: 200
✅ /api/chat: 200
❌ /api/workflows: 404
✅ Database: Connected
✅ Disk: 44% used
📊 Memory: 43% used
📊 DB Stats: Users= Sessions= Workflows=
✅ Health check complete

=== 2026-03-18 03:30:01 ===
✅ Server: UP
✅ /api/sessions: 200
✅ /api/chat: 200
❌ /api/workflows: 404
✅ Database: Connected
✅ Disk: 44% used
📊 Memory: 43% used
📊 DB Stats: Users= Sessions= Workflows=
✅ Health check complete

=== 2026-03-18 03:35:01 ===
✅ Server: UP
✅ /api/sessions: 200
✅ /api/chat: 200
❌ /api/workflows: 404
✅ Database: Connected
✅ Disk: 44% used
📊 Memory: 44% used
📊 DB Stats: Users= Sessions= Workflows=
✅ Health check complete

=== 2026-03-18 03:40:01 ===
✅ Server: UP
✅ /api/sessions: 200
✅ /api/chat: 200
❌ /api/workflows: 404
✅ Database: Connected
✅ Disk: 44% used
📊 Memory: 44% used
📊 DB Stats: Users= Sessions= Workflows=
✅ Health check complete

=== 2026-03-18 03:45:01 ===
✅ Server: UP
✅ /api/sessions: 200
✅ /api/chat: 200
❌ /api/workflows: 404
✅ Database: Connected
✅ Disk: 44% used
📊 Memory: 43% used
📊 DB Stats: Users= Sessions= Workflows=
✅ Health check complete

=== 2026-03-18 03:50:01 ===
✅ Server: UP
✅ /api/sessions: 200
✅ /api/chat: 200
❌ /api/workflows: 404
✅ Database: Connected
✅ Disk: 44% used
📊 Memory: 44% used
📊 DB Stats: Users= Sessions= Workflows=
✅ Health check complete

=== 2026-03-18 03:55:01 ===
✅ Server: UP
✅ /api/sessions: 200
✅ /api/chat: 200
❌ /api/workflows: 404
✅ Database: Connected
✅ Disk: 44% used
📊 Memory: 44% used
📊 DB Stats: Users= Sessions= Workflows=
✅ Health check complete

=== 2026-03-18 04:00:01 ===
✅ Server: UP
✅ /api/sessions: 200
✅ /api/chat: 200
❌ /api/workflows: 404
✅ Database: Connected
✅ Disk: 44% used
📊 Memory: 43% used
📊 DB Stats: Users= Sessions= Workflows=
✅ Health check complete

=== 2026-03-18 04:05:01 ===
✅ Server: UP
✅ /api/sessions: 200
✅ /api/chat: 200
❌ /api/workflows: 404
✅ Database: Connected
✅ Disk: 44% used
📊 Memory: 43% used
📊 DB Stats: Users= Sessions= Workflows=
✅ Health check complete

=== 2026-03-18 04:10:01 ===
✅ Server: UP
✅ /api/sessions: 200
✅ /api/chat: 200
❌ /api/workflows: 404
✅ Database: Connected
✅ Disk: 44% used
📊 Memory: 43% used
📊 DB Stats: Users= Sessions= Workflows=
✅ Health check complete

=== 2026-03-18 04:15:01 ===
✅ Server: UP
✅ /api/sessions: 200
✅ /api/chat: 200
❌ /api/workflows: 404
✅ Database: Connected
✅ Disk: 44% used
📊 Memory: 43% used
📊 DB Stats: Users= Sessions= Workflows=
✅ Health check complete

=== 2026-03-18 04:20:01 ===
✅ Server: UP
✅ /api/sessions: 200
✅ /api/chat: 200
❌ /api/workflows: 404
✅ Database: Connected
✅ Disk: 44% used
📊 Memory: 44% used
📊 DB Stats: Users= Sessions= Workflows=
✅ Health check complete

=== 2026-03-18 04:25:01 ===
✅ Server: UP
✅ /api/sessions: 200
✅ /api/chat: 200
❌ /api/workflows: 404
✅ Database: Connected
✅ Disk: 44% used
📊 Memory: 44% used
📊 DB Stats: Users= Sessions= Workflows=
✅ Health check complete

=== 2026-03-18 04:30:01 ===
✅ Server: UP
✅ /api/sessions: 200
✅ /api/chat: 200
❌ /api/workflows: 404
✅ Database: Connected
✅ Disk: 44% used
📊 Memory: 43% used
📊 DB Stats: Users= Sessions= Workflows=
✅ Health check complete

=== 2026-03-18 04:35:01 ===
✅ Server: UP
✅ /api/sessions: 200
✅ /api/chat: 200
❌ /api/workflows: 404
✅ Database: Connected
✅ Disk: 44% used
📊 Memory: 44% used
📊 DB Stats: Users= Sessions= Workflows=
✅ Health check complete

=== 2026-03-18 04:40:02 ===
✅ Server: UP
✅ /api/sessions: 200
✅ /api/chat: 200
❌ /api/workflows: 404
✅ Database: Connected
✅ Disk: 44% used
📊 Memory: 44% used
📊 DB Stats: Users= Sessions= Workflows=
✅ Health check complete

=== 2026-03-18 04:45:01 ===
✅ Server: UP
✅ /api/sessions: 200
✅ /api/chat: 200
❌ /api/workflows: 404
✅ Database: Connected
✅ Disk: 44% used
📊 Memory: 44% used
📊 DB Stats: Users= Sessions= Workflows=
✅ Health check complete

=== 2026-03-18 04:50:01 ===
✅ Server: UP
✅ /api/sessions: 200
✅ /api/chat: 200
❌ /api/workflows: 404
✅ Database: Connected
✅ Disk: 44% used
📊 Memory: 43% used
📊 DB Stats: Users= Sessions= Workflows=
✅ Health check complete

=== 2026-03-18 04:55:01 ===
✅ Server: UP
✅ /api/sessions: 200
✅ /api/chat: 200
❌ /api/workflows: 404
✅ Database: Connected
✅ Disk: 44% used
📊 Memory: 44% used
📊 DB Stats: Users= Sessions= Workflows=
✅ Health check complete

=== 2026-03-18 05:00:01 ===
✅ Server: UP
✅ /api/sessions: 200
✅ /api/chat: 200
❌ /api/workflows: 404
✅ Database: Connected
✅ Disk: 44% used
📊 Memory: 44% used
📊 DB Stats: Users= Sessions= Workflows=
✅ Health check complete

=== 2026-03-18 05:05:01 ===
✅ Server: UP
✅ /api/sessions: 200
✅ /api/chat: 200
❌ /api/workflows: 404
✅ Database: Connected
✅ Disk: 44% used
📊 Memory: 44% used
📊 DB Stats: Users= Sessions= Workflows=
✅ Health check complete

=== 2026-03-18 05:10:02 ===
✅ Server: UP
✅ /api/sessions: 200
✅ /api/chat: 200
❌ /api/workflows: 404
✅ Database: Connected
✅ Disk: 44% used
📊 Memory: 44% used
📊 DB Stats: Users= Sessions=5 Workflows=
✅ Health check complete

=== 2026-03-18 05:15:01 ===
✅ Server: UP
✅ /api/sessions: 200
✅ /api/chat: 200
❌ /api/workflows: 404
✅ Database: Connected
✅ Disk: 44% used
📊 Memory: 44% used
📊 DB Stats: Users= Sessions= Workflows=
✅ Health check complete

=== 2026-03-18 05:20:01 ===
✅ Server: UP
✅ /api/sessions: 200
✅ /api/chat: 200
❌ /api/workflows: 404
✅ Database: Connected
✅ Disk: 44% used
📊 Memory: 44% used
📊 DB Stats: Users= Sessions= Workflows=
✅ Health check complete

=== 2026-03-18 05:25:01 ===
✅ Server: UP
✅ /api/sessions: 200
✅ /api/chat: 200
❌ /api/workflows: 404
✅ Database: Connected
✅ Disk: 44% used
📊 Memory: 44% used
📊 DB Stats: Users= Sessions= Workflows=
✅ Health check complete

=== 2026-03-18 05:30:01 ===
✅ Server: UP
✅ /api/sessions: 200
✅ /api/chat: 200
❌ /api/workflows: 404
✅ Database: Connected
✅ Disk: 44% used
📊 Memory: 44% used
📊 DB Stats: Users= Sessions= Workflows=
✅ Health check complete

=== 2026-03-18 05:35:01 ===
✅ Server: UP
✅ /api/sessions: 200
✅ /api/chat: 200
❌ /api/workflows: 404
✅ Database: Connected
✅ Disk: 44% used
📊 Memory: 44% used
📊 DB Stats: Users= Sessions= Workflows=
✅ Health check complete

=== 2026-03-18 05:40:01 ===
✅ Server: UP
✅ /api/sessions: 200
✅ /api/chat: 200
❌ /api/workflows: 404
✅ Database: Connected
✅ Disk: 44% used
📊 Memory: 44% used
📊 DB Stats: Users= Sessions= Workflows=
✅ Health check complete

=== 2026-03-18 05:45:01 ===
✅ Server: UP
✅ /api/sessions: 200
✅ /api/chat: 200
❌ /api/workflows: 404
✅ Database: Connected
✅ Disk: 44% used
📊 Memory: 44% used
📊 DB Stats: Users= Sessions= Workflows=
✅ Health check complete

=== 2026-03-18 05:50:01 ===
✅ Server: UP
✅ /api/sessions: 200
✅ /api/chat: 200
❌ /api/workflows: 404
✅ Database: Connected
✅ Disk: 44% used
📊 Memory: 44% used
📊 DB Stats: Users= Sessions= Workflows=
✅ Health check complete

=== 2026-03-18 05:55:01 ===
✅ Server: UP
✅ /api/sessions: 200
✅ /api/chat: 200
❌ /api/workflows: 404
✅ Database: Connected
✅ Disk: 44% used
📊 Memory: 43% used
📊 DB Stats: Users= Sessions= Workflows=
✅ Health check complete

=== 2026-03-18 06:00:01 ===
✅ Server: UP
✅ /api/sessions: 200
✅ /api/chat: 200
❌ /api/workflows: 404
✅ Database: Connected
✅ Disk: 44% used
📊 Memory: 44% used
📊 DB Stats: Users= Sessions= Workflows=
✅ Health check complete

=== 2026-03-18 06:05:01 ===
✅ Server: UP
✅ /api/sessions: 200
✅ /api/chat: 200
❌ /api/workflows: 404
✅ Database: Connected
✅ Disk: 44% used
📊 Memory: 44% used
📊 DB Stats: Users= Sessions= Workflows=
✅ Health check complete

=== 2026-03-18 06:10:01 ===
✅ Server: UP
✅ /api/sessions: 200
✅ /api/chat: 200
❌ /api/workflows: 404
✅ Database: Connected
✅ Disk: 44% used
📊 Memory: 44% used
📊 DB Stats: Users= Sessions= Workflows=
✅ Health check complete

=== 2026-03-18 06:15:01 ===
✅ Server: UP
✅ /api/sessions: 200
✅ /api/chat: 200
❌ /api/workflows: 404
✅ Database: Connected
✅ Disk: 44% used
📊 Memory: 44% used
📊 DB Stats: Users= Sessions= Workflows=
✅ Health check complete

=== 2026-03-18 06:20:01 ===
✅ Server: UP
✅ /api/sessions: 200
✅ /api/chat: 200
❌ /api/workflows: 404
✅ Database: Connected
✅ Disk: 44% used
📊 Memory: 44% used
📊 DB Stats: Users= Sessions= Workflows=
✅ Health check complete

=== 2026-03-18 06:25:01 ===
✅ Server: UP
✅ /api/sessions: 200
✅ /api/chat: 200
❌ /api/workflows: 404
✅ Database: Connected
✅ Disk: 44% used
📊 Memory: 44% used
📊 DB Stats: Users= Sessions= Workflows=
✅ Health check complete

=== 2026-03-18 06:30:01 ===
✅ Server: UP
✅ /api/sessions: 200
✅ /api/chat: 200
❌ /api/workflows: 404
✅ Database: Connected
✅ Disk: 44% used
📊 Memory: 44% used
📊 DB Stats: Users= Sessions= Workflows=
✅ Health check complete

=== 2026-03-18 06:35:01 ===
✅ Server: UP
✅ /api/sessions: 200
✅ /api/chat: 200
❌ /api/workflows: 404
✅ Database: Connected
✅ Disk: 44% used
📊 Memory: 44% used
📊 DB Stats: Users= Sessions= Workflows=
✅ Health check complete

=== 2026-03-18 06:40:01 ===
✅ Server: UP
✅ /api/sessions: 200
✅ /api/chat: 200
❌ /api/workflows: 404
✅ Database: Connected
✅ Disk: 44% used
📊 Memory: 44% used
📊 DB Stats: Users= Sessions= Workflows=
✅ Health check complete

=== 2026-03-18 06:45:01 ===
✅ Server: UP
✅ /api/sessions: 200
✅ /api/chat: 200
❌ /api/workflows: 404
✅ Database: Connected
✅ Disk: 44% used
📊 Memory: 44% used
📊 DB Stats: Users= Sessions= Workflows=
✅ Health check complete

=== 2026-03-18 06:50:01 ===
✅ Server: UP
✅ /api/sessions: 200
✅ /api/chat: 200
❌ /api/workflows: 404
✅ Database: Connected
✅ Disk: 44% used
📊 Memory: 44% used
📊 DB Stats: Users= Sessions= Workflows=
✅ Health check complete

=== 2026-03-18 06:55:01 ===
✅ Server: UP
✅ /api/sessions: 200
✅ /api/chat: 200
❌ /api/workflows: 404
✅ Database: Connected
✅ Disk: 44% used
📊 Memory: 44% used
📊 DB Stats: Users= Sessions= Workflows=
✅ Health check complete

=== 2026-03-18 07:00:01 ===
✅ Server: UP
✅ /api/sessions: 200
✅ /api/chat: 200
❌ /api/workflows: 404
✅ Database: Connected
✅ Disk: 44% used
📊 Memory: 44% used
📊 DB Stats: Users= Sessions= Workflows=
✅ Health check complete

=== 2026-03-18 07:05:01 ===
✅ Server: UP
✅ /api/sessions: 200
✅ /api/chat: 200
❌ /api/workflows: 404
✅ Database: Connected
✅ Disk: 44% used
📊 Memory: 44% used
📊 DB Stats: Users= Sessions= Workflows=
✅ Health check complete

=== 2026-03-18 07:10:01 ===
✅ Server: UP
✅ /api/sessions: 200
✅ /api/chat: 200
❌ /api/workflows: 404
✅ Database: Connected
✅ Disk: 44% used
📊 Memory: 44% used
📊 DB Stats: Users= Sessions= Workflows=
✅ Health check complete

=== 2026-03-18 07:15:01 ===
✅ Server: UP
✅ /api/sessions: 200
✅ /api/chat: 200
❌ /api/workflows: 404
✅ Database: Connected
✅ Disk: 44% used
📊 Memory: 44% used
📊 DB Stats: Users= Sessions= Workflows=
✅ Health check complete

=== 2026-03-18 07:20:01 ===
✅ Server: UP
✅ /api/sessions: 200
✅ /api/chat: 200
❌ /api/workflows: 404
✅ Database: Connected
✅ Disk: 44% used
📊 Memory: 44% used
📊 DB Stats: Users= Sessions= Workflows=
✅ Health check complete

=== 2026-03-18 07:25:02 ===
✅ Server: UP
✅ /api/sessions: 200
✅ /api/chat: 200
❌ /api/workflows: 404
✅ Database: Connected
✅ Disk: 44% used
📊 Memory: 44% used
📊 DB Stats: Users= Sessions= Workflows=
✅ Health check complete

=== 2026-03-18 07:30:01 ===
✅ Server: UP
✅ /api/sessions: 200
✅ /api/chat: 200
❌ /api/workflows: 404
✅ Database: Connected
✅ Disk: 44% used
📊 Memory: 44% used
📊 DB Stats: Users= Sessions= Workflows=
✅ Health check complete

=== 2026-03-18 07:35:01 ===
✅ Server: UP
✅ /api/sessions: 200
✅ /api/chat: 200
❌ /api/workflows: 404
✅ Database: Connected
✅ Disk: 44% used
📊 Memory: 44% used
📊 DB Stats: Users= Sessions= Workflows=
✅ Health check complete

=== 2026-03-18 07:40:01 ===
✅ Server: UP
✅ /api/sessions: 200
✅ /api/chat: 200
❌ /api/workflows: 404
✅ Database: Connected
✅ Disk: 44% used
📊 Memory: 44% used
📊 DB Stats: Users= Sessions= Workflows=
✅ Health check complete

=== 2026-03-18 07:45:01 ===
✅ Server: UP
✅ /api/sessions: 200
✅ /api/chat: 200
❌ /api/workflows: 404
✅ Database: Connected
✅ Disk: 44% used
📊 Memory: 44% used
📊 DB Stats: Users= Sessions= Workflows=
✅ Health check complete

=== 2026-03-18 07:50:01 ===
✅ Server: UP
✅ /api/sessions: 200
✅ /api/chat: 200
❌ /api/workflows: 404
✅ Database: Connected
✅ Disk: 44% used
📊 Memory: 44% used
📊 DB Stats: Users= Sessions= Workflows=
✅ Health check complete

=== 2026-03-18 07:55:01 ===
✅ Server: UP
✅ /api/sessions: 200
✅ /api/chat: 200
❌ /api/workflows: 404
✅ Database: Connected
✅ Disk: 44% used
📊 Memory: 44% used
📊 DB Stats: Users= Sessions= Workflows=
✅ Health check complete

=== 2026-03-18 08:00:01 ===
✅ Server: UP
✅ /api/sessions: 200
✅ /api/chat: 200
❌ /api/workflows: 404
✅ Database: Connected
✅ Disk: 44% used
📊 Memory: 44% used
📊 DB Stats: Users= Sessions= Workflows=
✅ Health check complete

=== 2026-03-18 08:05:01 ===
✅ Server: UP
✅ /api/sessions: 200
✅ /api/chat: 200
❌ /api/workflows: 404
✅ Database: Connected
✅ Disk: 44% used
📊 Memory: 44% used
📊 DB Stats: Users= Sessions= Workflows=
✅ Health check complete

=== 2026-03-18 08:10:01 ===
✅ Server: UP
✅ /api/sessions: 200
✅ /api/chat: 200
❌ /api/workflows: 404
✅ Database: Connected
✅ Disk: 44% used
📊 Memory: 44% used
📊 DB Stats: Users= Sessions= Workflows=
✅ Health check complete

=== 2026-03-18 08:15:01 ===
✅ Server: UP
✅ /api/sessions: 200
✅ /api/chat: 200
❌ /api/workflows: 404
✅ Database: Connected
✅ Disk: 44% used
📊 Memory: 44% used
📊 DB Stats: Users= Sessions= Workflows=
✅ Health check complete

=== 2026-03-18 08:20:02 ===
✅ Server: UP
✅ /api/sessions: 200
✅ /api/chat: 200
❌ /api/workflows: 404
✅ Database: Connected
✅ Disk: 44% used
📊 Memory: 44% used
📊 DB Stats: Users= Sessions= Workflows=
✅ Health check complete

=== 2026-03-18 08:25:01 ===
✅ Server: UP
✅ /api/sessions: 200
✅ /api/chat: 200
❌ /api/workflows: 404
✅ Database: Connected
✅ Disk: 44% used
📊 Memory: 44% used
📊 DB Stats: Users= Sessions= Workflows=
✅ Health check complete

=== 2026-03-18 08:30:01 ===
✅ Server: UP
✅ /api/sessions: 200
✅ /api/chat: 200
❌ /api/workflows: 404
✅ Database: Connected
✅ Disk: 44% used
📊 Memory: 44% used
📊 DB Stats: Users= Sessions= Workflows=
✅ Health check complete

=== 2026-03-18 08:35:01 ===
✅ Server: UP
✅ /api/sessions: 200
✅ /api/chat: 200
❌ /api/workflows: 404
✅ Database: Connected
✅ Disk: 44% used
📊 Memory: 44% used
📊 DB Stats: Users= Sessions= Workflows=
✅ Health check complete

=== 2026-03-18 08:40:01 ===
✅ Server: UP
✅ /api/sessions: 200
✅ /api/chat: 200
❌ /api/workflows: 404
✅ Database: Connected
✅ Disk: 44% used
📊 Memory: 44% used
📊 DB Stats: Users= Sessions= Workflows=
✅ Health check complete

=== 2026-03-18 08:45:01 ===
✅ Server: UP
✅ /api/sessions: 200
✅ /api/chat: 200
❌ /api/workflows: 404
✅ Database: Connected
✅ Disk: 44% used
📊 Memory: 42% used
📊 DB Stats: Users= Sessions= Workflows=
✅ Health check complete

=== 2026-03-18 08:50:01 ===
✅ Server: UP
✅ /api/sessions: 200
✅ /api/chat: 200
❌ /api/workflows: 404
✅ Database: Connected
✅ Disk: 44% used
📊 Memory: 45% used
📊 DB Stats: Users= Sessions= Workflows=
✅ Health check complete

=== 2026-03-18 08:55:01 ===
✅ Server: UP
✅ /api/sessions: 200
✅ /api/chat: 200
❌ /api/workflows: 404
✅ Database: Connected
✅ Disk: 44% used
📊 Memory: 45% used
📊 DB Stats: Users= Sessions= Workflows=
✅ Health check complete

=== 2026-03-18 09:00:01 ===
✅ Server: UP
✅ /api/sessions: 200
✅ /api/chat: 200
❌ /api/workflows: 404
✅ Database: Connected
✅ Disk: 44% used
📊 Memory: 46% used
📊 DB Stats: Users= Sessions= Workflows=
✅ Health check complete

=== 2026-03-18 09:05:01 ===
✅ Server: UP
✅ /api/sessions: 200
✅ /api/chat: 200
❌ /api/workflows: 404
✅ Database: Connected
✅ Disk: 44% used
📊 Memory: 45% used
📊 DB Stats: Users= Sessions= Workflows=
✅ Health check complete

=== 2026-03-18 09:10:01 ===
✅ Server: UP
✅ /api/sessions: 200
✅ /api/chat: 200
❌ /api/workflows: 404
✅ Database: Connected
✅ Disk: 44% used
📊 Memory: 46% used
📊 DB Stats: Users= Sessions= Workflows=
✅ Health check complete

=== 2026-03-18 09:15:01 ===
✅ Server: UP
✅ /api/sessions: 200
✅ /api/chat: 200
❌ /api/workflows: 404
✅ Database: Connected
✅ Disk: 44% used
📊 Memory: 45% used
📊 DB Stats: Users= Sessions= Workflows=
✅ Health check complete

=== 2026-03-18 09:20:01 ===
✅ Server: UP
✅ /api/sessions: 200
✅ /api/chat: 200
❌ /api/workflows: 404
✅ Database: Connected
✅ Disk: 44% used
📊 Memory: 45% used
📊 DB Stats: Users= Sessions= Workflows=
✅ Health check complete

=== 2026-03-18 09:25:01 ===
✅ Server: UP
✅ /api/sessions: 200
✅ /api/chat: 200
❌ /api/workflows: 404
✅ Database: Connected
✅ Disk: 44% used
📊 Memory: 45% used
📊 DB Stats: Users= Sessions= Workflows=
✅ Health check complete

=== 2026-03-18 09:30:01 ===
✅ Server: UP
✅ /api/sessions: 200
✅ /api/chat: 200
❌ /api/workflows: 404
✅ Database: Connected
✅ Disk: 44% used
📊 Memory: 46% used
📊 DB Stats: Users= Sessions= Workflows=
✅ Health check complete

=== 2026-03-18 09:35:01 ===
✅ Server: UP
✅ /api/sessions: 200
✅ /api/chat: 200
❌ /api/workflows: 404
✅ Database: Connected
✅ Disk: 44% used
📊 Memory: 45% used
📊 DB Stats: Users= Sessions= Workflows=
✅ Health check complete

=== 2026-03-18 09:40:01 ===
✅ Server: UP
✅ /api/sessions: 200
✅ /api/chat: 200
❌ /api/workflows: 404
✅ Database: Connected
✅ Disk: 44% used
📊 Memory: 45% used
📊 DB Stats: Users= Sessions= Workflows=
✅ Health check complete

=== 2026-03-18 09:45:01 ===
✅ Server: UP
✅ /api/sessions: 200
✅ /api/chat: 200
❌ /api/workflows: 404
✅ Database: Connected
✅ Disk: 44% used
📊 Memory: 45% used
📊 DB Stats: Users= Sessions= Workflows=
✅ Health check complete

=== 2026-03-18 09:50:01 ===
❌ Server: DOWN (attempting restart...)
🔄 Server: Restarting...
❌ /api/sessions: 000
❌ /api/chat: 000
❌ /api/workflows: 000
✅ Database: Connected
✅ Disk: 44% used
📊 Memory: 34% used
📊 DB Stats: Users= Sessions= Workflows=
✅ Health check complete

=== 2026-03-18 09:55:01 ===
✅ Server: UP
✅ /api/sessions: 200
✅ /api/chat: 200
❌ /api/workflows: 404
✅ Database: Connected
✅ Disk: 44% used
📊 Memory: 45% used
